// Jest Snapshot v1, https://goo.gl/fbAQLP

exports[`MovieCard should render MovieCard unchanged 1`] = `
<div>
  <li
    class="card"
  >
    <div
      class="poster"
    >
      <span
        style="box-sizing: border-box; display: block; overflow: hidden; background: none; opacity: 1; border: 0px; margin: 0px; padding: 0px; position: relative;"
      >
        <span
          style="box-sizing: border-box; display: block; background: none; opacity: 1; border: 0px; margin: 0px; padding: 150% 0px 0px 0px;"
        />
        <img
          alt="title"
          data-nimg="responsive"
          decoding="async"
          src="data:image/gif;base64,R0lGODlhAQABAIAAAAAAAP///yH5BAEAAAAALAAAAAABAAEAAAIBRAA7"
          style="position: absolute; top: 0px; left: 0px; bottom: 0px; right: 0px; box-sizing: border-box; padding: 0px; margin: auto; display: block; width: 0px; height: 0px; min-width: 100%; max-width: 100%; min-height: 100%; max-height: 100%;"
        />
        <noscript />
      </span>
    </div>
    <div
      class="info"
    >
      <div
        class="title"
      >
        title
      </div>
      <div
        class="aside"
      >
        <div
          class="year"
        >
          2009
        </div>
        <div
          class="rating"
        >
          <span
            class="star"
          >
            ★
          </span>
          <span
            class="star"
          >
            ★
          </span>
          <span
            class="star"
          >
            ★
          </span>
          <span
            class="star"
          >
            ★
          </span>
          <span
            class="star"
          >
            ★
          </span>
        </div>
      </div>
    </div>
  </li>
</div>
`;
