// Jest Snapshot v1, https://goo.gl/fbAQLP

exports[`Movie List should render the movie list unchanged 1`] = `"<ul class=\\"movieList\\"><li class=\\"card\\"><div class=\\"poster\\"><span style=\\"box-sizing: border-box; display: block; overflow: hidden; background: none; opacity: 1; border: 0px; margin: 0px; padding: 0px; position: relative;\\"><span style=\\"box-sizing: border-box; display: block; background: none; opacity: 1; border: 0px; margin: 0px; padding: 150% 0px 0px 0px;\\"></span><img alt=\\"movie title 1\\" src=\\"data:image/gif;base64,R0lGODlhAQABAIAAAAAAAP///yH5BAEAAAAALAAAAAABAAEAAAIBRAA7\\" decoding=\\"async\\" data-nimg=\\"responsive\\" style=\\"position: absolute; top: 0px; left: 0px; bottom: 0px; right: 0px; box-sizing: border-box; padding: 0px; margin: auto; display: block; width: 0px; height: 0px; min-width: 100%; max-width: 100%; min-height: 100%; max-height: 100%;\\"><noscript></noscript></span></div><div class=\\"info\\"><div class=\\"title\\">movie title 1</div><div class=\\"aside\\"><div class=\\"year\\">2001</div><div class=\\"rating\\"><span class=\\"star\\">★</span><span class=\\"starEmpty\\">★</span><span class=\\"starEmpty\\">★</span><span class=\\"starEmpty\\">★</span><span class=\\"starEmpty\\">★</span></div></div></div></li><li class=\\"card\\"><div class=\\"poster\\"><span style=\\"box-sizing: border-box; display: block; overflow: hidden; background: none; opacity: 1; border: 0px; margin: 0px; padding: 0px; position: relative;\\"><span style=\\"box-sizing: border-box; display: block; background: none; opacity: 1; border: 0px; margin: 0px; padding: 150% 0px 0px 0px;\\"></span><img alt=\\"movie title 2\\" src=\\"data:image/gif;base64,R0lGODlhAQABAIAAAAAAAP///yH5BAEAAAAALAAAAAABAAEAAAIBRAA7\\" decoding=\\"async\\" data-nimg=\\"responsive\\" style=\\"position: absolute; top: 0px; left: 0px; bottom: 0px; right: 0px; box-sizing: border-box; padding: 0px; margin: auto; display: block; width: 0px; height: 0px; min-width: 100%; max-width: 100%; min-height: 100%; max-height: 100%;\\"><noscript></noscript></span></div><div class=\\"info\\"><div class=\\"title\\">movie title 2</div><div class=\\"aside\\"><div class=\\"year\\">2002</div><div class=\\"rating\\"><span class=\\"star\\">★</span><span class=\\"star\\">★</span><span class=\\"starEmpty\\">★</span><span class=\\"starEmpty\\">★</span><span class=\\"starEmpty\\">★</span></div></div></div></li><li class=\\"card\\"><div class=\\"poster\\"><span style=\\"box-sizing: border-box; display: block; overflow: hidden; background: none; opacity: 1; border: 0px; margin: 0px; padding: 0px; position: relative;\\"><span style=\\"box-sizing: border-box; display: block; background: none; opacity: 1; border: 0px; margin: 0px; padding: 150% 0px 0px 0px;\\"></span><img alt=\\"movie title 3\\" src=\\"data:image/gif;base64,R0lGODlhAQABAIAAAAAAAP///yH5BAEAAAAALAAAAAABAAEAAAIBRAA7\\" decoding=\\"async\\" data-nimg=\\"responsive\\" style=\\"position: absolute; top: 0px; left: 0px; bottom: 0px; right: 0px; box-sizing: border-box; padding: 0px; margin: auto; display: block; width: 0px; height: 0px; min-width: 100%; max-width: 100%; min-height: 100%; max-height: 100%;\\"><noscript></noscript></span></div><div class=\\"info\\"><div class=\\"title\\">movie title 3</div><div class=\\"aside\\"><div class=\\"year\\">2003</div><div class=\\"rating\\"><span class=\\"star\\">★</span><span class=\\"star\\">★</span><span class=\\"star\\">★</span><span class=\\"starEmpty\\">★</span><span class=\\"starEmpty\\">★</span></div></div></div></li></ul>"`;
